// Vitest Snapshot v1, https://vitest.dev/guide/snapshot.html

exports[`scoreBreeds is deterministic and well-formed > active family / big yard top-10 is locked 1`] = `
[
  {
    "group": "Mixed & Rescue",
    "name": "Labradoodle",
    "rank": 1,
    "score": 98,
  },
  {
    "group": "Sporting",
    "name": "Labrador Retriever",
    "rank": 2,
    "score": 98,
  },
  {
    "group": "Sporting",
    "name": "Golden Retriever",
    "rank": 3,
    "score": 97,
  },
  {
    "group": "Non-Sporting",
    "name": "Standard Poodle",
    "rank": 4,
    "score": 96,
  },
  {
    "group": "Sporting",
    "name": "Boykin Spaniel",
    "rank": 5,
    "score": 96,
  },
  {
    "group": "Mixed & Rescue",
    "name": "Goldendoodle",
    "rank": 6,
    "score": 95,
  },
  {
    "group": "Sporting",
    "name": "English Springer Spaniel",
    "rank": 7,
    "score": 94,
  },
  {
    "group": "Working",
    "name": "Boxer",
    "rank": 8,
    "score": 94,
  },
  {
    "group": "Mixed & Rescue",
    "name": "Labrador Mix",
    "rank": 9,
    "score": 94,
  },
  {
    "group": "Working",
    "name": "Portuguese Water Dog",
    "rank": 10,
    "score": 94,
  },
]
`;

exports[`scoreBreeds is deterministic and well-formed > apartment / allergic / first-time top-10 is locked 1`] = `
[
  {
    "group": "Hound",
    "name": "Basenji",
    "rank": 1,
    "score": 91,
  },
  {
    "group": "Terrier",
    "name": "Scottish Terrier",
    "rank": 2,
    "score": 88,
  },
  {
    "group": "Terrier",
    "name": "Bedlington Terrier",
    "rank": 3,
    "score": 86,
  },
  {
    "group": "Toy",
    "name": "Affenpinscher",
    "rank": 4,
    "score": 86,
  },
  {
    "group": "Mixed & Rescue",
    "name": "Cockapoo",
    "rank": 5,
    "score": 86,
  },
  {
    "group": "Non-Sporting",
    "name": "Xoloitzcuintli",
    "rank": 6,
    "score": 86,
  },
  {
    "group": "Terrier",
    "name": "West Highland White Terrier",
    "rank": 7,
    "score": 85,
  },
  {
    "group": "Non-Sporting",
    "name": "Miniature Poodle",
    "rank": 8,
    "score": 85,
  },
  {
    "group": "Toy",
    "name": "Silky Terrier",
    "rank": 9,
    "score": 85,
  },
  {
    "group": "Non-Sporting",
    "name": "Tibetan Terrier",
    "rank": 10,
    "score": 85,
  },
]
`;

exports[`scoreBreeds is deterministic and well-formed > guardian / rural / experienced top-10 is locked 1`] = `
[
  {
    "group": "Working",
    "name": "Anatolian Shepherd",
    "rank": 1,
    "score": 93,
  },
  {
    "group": "Working",
    "name": "Tibetan Mastiff",
    "rank": 2,
    "score": 92,
  },
  {
    "group": "Working",
    "name": "Kuvasz",
    "rank": 3,
    "score": 89,
  },
  {
    "group": "Working",
    "name": "Komondor",
    "rank": 4,
    "score": 88,
  },
  {
    "group": "Working",
    "name": "Akita",
    "rank": 5,
    "score": 87,
  },
  {
    "group": "Non-Sporting",
    "name": "Shar Pei",
    "rank": 6,
    "score": 85,
  },
  {
    "group": "Herding",
    "name": "Canaan Dog",
    "rank": 7,
    "score": 84,
  },
  {
    "group": "Non-Sporting",
    "name": "Chow Chow",
    "rank": 8,
    "score": 84,
  },
  {
    "group": "Working",
    "name": "Boerboel",
    "rank": 9,
    "score": 83,
  },
  {
    "group": "Working",
    "name": "Great Pyrenees",
    "rank": 10,
    "score": 83,
  },
]
`;
