// Vitest Snapshot v1, https://vitest.dev/guide/snapshot.html

exports[`generateAnnualCircuit > builds a 12-month circuit for nomadic users 1`] = `
{
  "lifestyleMode": "nomadic",
  "primaryClimate": "cold",
  "stops": [
    {
      "activities": [
        "Wellness & yoga retreats",
      ],
      "endMonth": 1,
      "location": {
        "airport_connectivity_score": 65,
        "avg_temp_summer": 33,
        "avg_temp_winter": 22,
        "beach_access_score": 8,
        "best_for": [
          "remote workers",
          "stretching a budget",
          "wellness seekers",
          "first-time nomads",
        ],
        "bureaucracy_score": 50,
        "capital_gains_tax_rate": 0,
        "climate_score": 60,
        "community_score": 95,
        "continent": "Asia",
        "corporate_tax_rate": 20,
        "cost_of_living_score": 85,
        "country": "Thailand",
        "culture_openness_score": 70,
        "dating_scene_score": 55,
        "description": "The original digital-nomad mecca — ultra-cheap, laid-back, and surrounded by mountains and temples. Co-working spaces, cafes, and a massive remote-work community make it the easiest soft landing in Asia.",
        "english_friendliness_score": 58,
        "healthcare_score": 72,
        "humidity_level": 70,
        "id": "chiang-mai-thailand",
        "image_credit": "Wikimedia Commons",
        "image_source": "https://en.wikipedia.org/wiki/Chiang_Mai",
        "image_url": "https://commons.wikimedia.org/wiki/Special:FilePath/0020-%E0%B8%A7%E0%B8%B1%E0%B8%94%E0%B8%9E%E0%B8%A3%E0%B8%B0%E0%B8%AA%E0%B8%B4%E0%B8%87%E0%B8%AB%E0%B9%8C%E0%B8%A7%E0%B8%A3%E0%B8%A1%E0%B8%AB%E0%B8%B2%E0%B8%A7%E0%B8%B4%E0%B8%AB%E0%B8%B2%E0%B8%A3.jpg?width=1200",
        "internet_quality_score": 78,
        "latitude": 18.7883,
        "longitude": 98.9853,
        "lowdown": "Chiang Mai is the original digital-nomad capital: dirt-cheap, laid-back, ringed by mountains and temples, with a moated old city full of cafes built for laptops. The cost of living is among the best in the world for the quality you get, and the nomad community is large and well-established. The big catch is burning season from roughly February to April, when crop fires choke the air and many residents leave. Best for budget-focused remote workers and wellness types who want a calm, affordable base outside burn season.",
        "monthly_budget_usd": 1100,
        "mountain_access_score": 70,
        "name": "Chiang Mai",
        "neighborhoods": [
          "Nimmanhaemin",
          "Old City",
          "Santitham",
          "Hang Dong",
        ],
        "nightlife_score": 55,
        "not_for": [
          "beach lovers",
          "burning-season stayers",
          "nightlife maximalists",
        ],
        "outdoor_score": 75,
        "personal_income_tax_rate": 25,
        "population": 1200000,
        "region": "Southeast Asia",
        "rent_1br_usd": 400,
        "rent_score": 85,
        "safety_score": 78,
        "scene": "A huge, friendly nomad and expat community layered over relaxed northern Thai locals. One of the easiest places in the world to make friends, with constant meetups, co-workings, and a wellness scene.",
        "startup_ecosystem_score": 60,
        "sunshine_days": 260,
        "tags": [
          "digital-nomad",
          "affordable",
          "wellness",
          "mountain",
          "foodie",
          "cultural",
        ],
        "tax_friendliness_score": 60,
        "tax_notes": "Same favorable Thai remittance rules and nomad-friendly visas, with living costs low enough that tax matters little.",
        "transit_score": 35,
        "vibe_summary": "Mellow, cheap, and leafy — temple bells, latte art, and misty hills.",
        "visa_friendliness_score": 75,
        "walkability_score": 50,
        "wellness_score": 85,
      },
      "months": [
        "January",
        "February",
      ],
      "reasons": [
        "Perfect 22°C average temperature",
        "260+ sunny days/year",
        "Great value for money",
      ],
      "seasonScore": 102,
      "startMonth": 0,
    },
    {
      "activities": [
        "Skiing & snowboarding",
        "Wellness & yoga retreats",
        "Outdoor adventures",
      ],
      "endMonth": 3,
      "location": {
        "airport_connectivity_score": 38,
        "avg_temp_summer": 29,
        "avg_temp_winter": 12,
        "beach_access_score": 5,
        "best_for": [
          "mountain adventurers",
          "wellness seekers",
          "stretching a budget",
          "slow living",
        ],
        "bureaucracy_score": 38,
        "capital_gains_tax_rate": 7,
        "climate_score": 58,
        "community_score": 50,
        "continent": "Asia",
        "corporate_tax_rate": 25,
        "cost_of_living_score": 88,
        "country": "Nepal",
        "culture_openness_score": 58,
        "dating_scene_score": 28,
        "description": "A serene lakeside town beneath the Annapurna range, famed for paragliding, trekking, and slow recovery days. It is calmer and cleaner than Kathmandu, ideal for outdoorsy budget travelers.",
        "english_friendliness_score": 55,
        "healthcare_score": 40,
        "humidity_level": 68,
        "id": "pokhara-nepal",
        "image_credit": "Wikimedia Commons",
        "image_source": "https://en.wikipedia.org/wiki/Pokhara",
        "image_url": "https://commons.wikimedia.org/wiki/Special:FilePath/Pokhara_Valley.jpg?width=1200",
        "internet_quality_score": 48,
        "latitude": 28.2096,
        "longitude": 83.9856,
        "lowdown": "Pokhara is Kathmandu's mellow counterpart: a lakeside town under the Annapurna range, cleaner, calmer, and built for adventure. Days revolve around the lake, paragliding off the surrounding hills, and trekking departures, all at rock-bottom prices and with far better air than the capital. The limits are its small size, slow pace, monsoon rains, and basic infrastructure that can frustrate. It's ideal for outdoorsy people who want wellness and mountains without big-city stress.",
        "monthly_budget_usd": 850,
        "mountain_access_score": 95,
        "name": "Pokhara",
        "neighborhoods": [
          "Lakeside",
          "Damside",
          "Hallan Chowk",
        ],
        "nightlife_score": 35,
        "not_for": [
          "nightlife seekers",
          "big-city addicts",
          "anyone needing fast infrastructure",
        ],
        "outdoor_score": 90,
        "personal_income_tax_rate": 20,
        "population": 520000,
        "region": "South Asia",
        "rent_1br_usd": 250,
        "rent_score": 88,
        "safety_score": 70,
        "scene": "A relaxed crowd of trekkers, paragliders, yogis, and a small remote-worker contingent gathered along Lakeside. Easy and friendly to meet fellow travelers, though it's seasonal and quieter than a real city.",
        "startup_ecosystem_score": 25,
        "sunshine_days": 240,
        "tags": [
          "mountain",
          "adventure",
          "affordable",
          "wellness",
          "eco-conscious",
          "cultural",
        ],
        "tax_friendliness_score": 55,
        "tax_notes": "Foreign income is untaxed for tourist-visa nomads, with extremely low living costs throughout.",
        "transit_score": 18,
        "vibe_summary": "Mirror-still lake under snow giants — paragliders drift over a mellow trekker town.",
        "visa_friendliness_score": 70,
        "walkability_score": 50,
        "wellness_score": 75,
      },
      "months": [
        "March",
        "April",
      ],
      "reasons": [
        "Perfect 20.5°C average temperature",
        "Excellent ski conditions",
        "Great value for money",
      ],
      "seasonScore": 98,
      "startMonth": 2,
    },
    {
      "activities": [
        "Outdoor adventures",
      ],
      "endMonth": 5,
      "location": {
        "airport_connectivity_score": 48,
        "avg_temp_summer": 24,
        "avg_temp_winter": 16,
        "beach_access_score": 5,
        "best_for": [
          "cool-climate seekers",
          "stretching a budget",
          "outdoor lovers",
          "cafe + slow living",
        ],
        "bureaucracy_score": 45,
        "capital_gains_tax_rate": 20,
        "climate_score": 70,
        "community_score": 50,
        "continent": "Asia",
        "corporate_tax_rate": 20,
        "cost_of_living_score": 82,
        "country": "Vietnam",
        "culture_openness_score": 60,
        "dating_scene_score": 32,
        "description": "A cool, pine-clad highland town nicknamed Vietnam's 'City of Eternal Spring,' famed for flowers, waterfalls, and coffee farms. Its mild climate and romantic scenery offer a refreshing escape from the lowland heat.",
        "english_friendliness_score": 45,
        "healthcare_score": 50,
        "humidity_level": 75,
        "id": "da-lat-vietnam",
        "image_credit": "Wikimedia Commons",
        "image_source": "https://en.wikipedia.org/wiki/Da_Lat",
        "image_url": "https://commons.wikimedia.org/wiki/Special:FilePath/Xuan_Huong_Lake_11.jpg?width=1200",
        "internet_quality_score": 70,
        "latitude": 11.9404,
        "longitude": 108.4583,
        "lowdown": "Da Lat is Vietnam's cool-climate mountain retreat, a former French hill station of pine forests, flower farms, and misty lakes at 1,500 meters. The eternal-spring weather is a huge draw after the lowland heat, and life is cheap, scenic, and increasingly geared toward coffee, cafes, and gentle adventure. The catches are a touristy core, a long rainy season, chilly evenings, and a small foreign community. It suits people who want Vietnam's affordability with a temperate climate and an outdoorsy, slower pace.",
        "monthly_budget_usd": 1050,
        "mountain_access_score": 65,
        "name": "Da Lat",
        "neighborhoods": [
          "City Center (Ward 1)",
          "Ward 8",
          "Tuyen Lam Lake area",
        ],
        "nightlife_score": 40,
        "not_for": [
          "beach people",
          "nightlife seekers",
          "heat lovers",
        ],
        "outdoor_score": 80,
        "personal_income_tax_rate": 20,
        "population": 260000,
        "region": "Southeast Asia",
        "rent_1br_usd": 350,
        "rent_score": 82,
        "safety_score": 80,
        "scene": "A small expat and remote-worker presence over a domestic-tourism honeymoon town, with a charming local cafe culture. Friendly but limited socially for foreigners; this is more couples-and-creatives than party scene.",
        "startup_ecosystem_score": 35,
        "sunshine_days": 210,
        "tags": [
          "mountain",
          "affordable",
          "eco-conscious",
          "adventure",
          "foodie",
          "wellness",
        ],
        "tax_friendliness_score": 55,
        "tax_notes": "Foreign income stays untaxed locally for nomads who are not registered Vietnamese tax residents.",
        "transit_score": 18,
        "vibe_summary": "Misty pine hills and flower farms — cool air, French villas, and endless coffee.",
        "visa_friendliness_score": 60,
        "walkability_score": 55,
        "wellness_score": 65,
      },
      "months": [
        "May",
        "June",
      ],
      "reasons": [
        "Perfect 20°C average temperature",
        "Great value for money",
      ],
      "seasonScore": 93,
      "startMonth": 4,
    },
    {
      "activities": [
        "Outdoor adventures",
      ],
      "endMonth": 7,
      "location": {
        "airport_connectivity_score": 50,
        "avg_temp_summer": 30,
        "avg_temp_winter": 28,
        "beach_access_score": 90,
        "best_for": [
          "surfers",
          "nature lovers",
          "stretching a budget",
          "off-grid types",
        ],
        "bureaucracy_score": 45,
        "capital_gains_tax_rate": 10,
        "climate_score": 60,
        "community_score": 60,
        "continent": "Asia",
        "corporate_tax_rate": 22,
        "cost_of_living_score": 75,
        "country": "Indonesia",
        "culture_openness_score": 55,
        "dating_scene_score": 40,
        "description": "Bali's quieter neighbor, with empty beaches, the towering Mount Rinjani volcano, and the surf-and-party Gili Islands offshore. It draws those seeking a cheaper, less-developed tropical base with serious outdoor adventure.",
        "english_friendliness_score": 60,
        "healthcare_score": 42,
        "humidity_level": 80,
        "id": "lombok-indonesia",
        "image_credit": "Wikimedia Commons",
        "image_source": "https://en.wikipedia.org/wiki/Lombok",
        "image_url": "https://commons.wikimedia.org/wiki/Special:FilePath/Camping_above_the_clouds_at_Rinjani.jpg?width=1200",
        "internet_quality_score": 50,
        "latitude": -8.65,
        "longitude": 116.3249,
        "lowdown": "Lombok is Bali's quieter, wilder neighbor: empty beaches, the towering Rinjani volcano, and world-class surf around Kuta in the south without the development crush. Life is slower, cheaper, and more local, which is the draw and the catch, since infrastructure, healthcare, and nightlife are thin. The south coast is growing a small nomad and surf community, but you trade convenience for raw nature. Best for self-sufficient people who want space and don't need a scene handed to them.",
        "monthly_budget_usd": 1200,
        "mountain_access_score": 65,
        "name": "Lombok",
        "neighborhoods": [
          "Kuta Lombok",
          "Senggigi",
          "Selong Belanak",
        ],
        "nightlife_score": 50,
        "not_for": [
          "nightlife seekers",
          "convenience addicts",
          "big-city addicts",
        ],
        "outdoor_score": 80,
        "personal_income_tax_rate": 30,
        "population": 3400000,
        "region": "Southeast Asia",
        "rent_1br_usd": 450,
        "rent_score": 70,
        "safety_score": 65,
        "scene": "Small and surf-driven, mostly local Sasak communities plus a thin layer of expats and travelers concentrated around Kuta and the Gili islands. Friendships form fast in the tight surf crowd, but it's quiet and you'll need to make your own social life.",
        "startup_ecosystem_score": 35,
        "sunshine_days": 265,
        "tags": [
          "beach",
          "surf",
          "adventure",
          "affordable",
          "tropical",
          "mountain",
        ],
        "tax_friendliness_score": 60,
        "tax_notes": "Nomads typically stay visa-based and untaxed locally on foreign income; Indonesian residents face up to 35%.",
        "transit_score": 12,
        "vibe_summary": "Wilder, mellower island of empty surf beaches and a giant volcano looming over the rice fields.",
        "visa_friendliness_score": 80,
        "walkability_score": 25,
        "wellness_score": 65,
      },
      "months": [
        "July",
        "August",
      ],
      "reasons": [
        "Perfect 28°C average temperature",
        "265+ sunny days/year",
        "Great value for money",
      ],
      "seasonScore": 95,
      "startMonth": 6,
    },
    {
      "activities": [],
      "endMonth": 11,
      "location": {
        "airport_connectivity_score": 62,
        "avg_temp_summer": 34,
        "avg_temp_winter": 22,
        "beach_access_score": 88,
        "best_for": [
          "remote workers",
          "surfers",
          "stretching a budget",
          "beach living",
        ],
        "bureaucracy_score": 45,
        "capital_gains_tax_rate": 20,
        "climate_score": 58,
        "community_score": 85,
        "continent": "Asia",
        "corporate_tax_rate": 20,
        "cost_of_living_score": 82,
        "country": "Vietnam",
        "culture_openness_score": 65,
        "dating_scene_score": 48,
        "description": "A clean, beachfront city that has become Vietnam's premier nomad hub, with cheap living, a long sandy coast, and mountains nearby. It offers modern comfort and a strong remote-work community at rock-bottom prices.",
        "english_friendliness_score": 50,
        "healthcare_score": 60,
        "humidity_level": 82,
        "id": "da-nang-vietnam",
        "image_credit": "Wikimedia Commons",
        "image_source": "https://en.wikipedia.org/wiki/Da_Nang",
        "image_url": "https://commons.wikimedia.org/wiki/Special:FilePath/Dragon_Bridge%2C_Da_Nang_during_day_-_20230819_%28cropped%29.jpg?width=1200",
        "internet_quality_score": 80,
        "latitude": 16.0544,
        "longitude": 108.2022,
        "lowdown": "Da Nang is Vietnam's most livable coastal city: a long sandy beach, the Marble Mountains, and historic Hoi An just down the road, all at rock-bottom prices. It's cleaner and more spacious than Hanoi or Saigon, with a fast-growing nomad scene, great cheap food, and a relaxed beach-city rhythm. The tradeoffs are a rainy and occasionally typhoon-hit season, a language barrier, and a quieter nightlife than the big cities. Best for budget-minded remote workers and surfers who want beach living with real city amenities.",
        "monthly_budget_usd": 1000,
        "mountain_access_score": 50,
        "name": "Da Nang",
        "neighborhoods": [
          "My An",
          "An Thuong",
          "My Khe",
          "Son Tra",
        ],
        "nightlife_score": 55,
        "not_for": [
          "nightlife seekers",
          "rainy-season haters",
          "big-city addicts",
        ],
        "outdoor_score": 75,
        "personal_income_tax_rate": 20,
        "population": 1300000,
        "region": "Southeast Asia",
        "rent_1br_usd": 400,
        "rent_score": 82,
        "safety_score": 80,
        "scene": "A growing nomad and expat community alongside friendly locals, centered on the beach and a busy cafe scene. Easy and affordable to meet people through co-workings and the surf crowd, with Hoi An's expat community nearby.",
        "startup_ecosystem_score": 55,
        "sunshine_days": 220,
        "tags": [
          "digital-nomad",
          "beach",
          "affordable",
          "surf",
          "foodie",
          "tropical",
        ],
        "tax_friendliness_score": 55,
        "tax_notes": "Most nomads stay on tourist or business e-visas and pay no local tax on foreign-sourced income.",
        "transit_score": 25,
        "vibe_summary": "Beach-city ease — surf at dawn, banh mi for lunch, riverside neon at night.",
        "visa_friendliness_score": 60,
        "walkability_score": 45,
        "wellness_score": 68,
      },
      "months": [
        "September",
        "October",
        "November",
        "December",
      ],
      "reasons": [
        "Perfect 28°C average temperature",
        "Peak beach season",
        "Great value for money",
      ],
      "seasonScore": 94,
      "startMonth": 8,
    },
  ],
  "totalCountries": 4,
  "totalLocations": 5,
}
`;

exports[`scoreLocations is deterministic and well-formed > budget nomad / beach top-10 is locked 1`] = `
[
  {
    "country": "Mexico",
    "name": "Playa del Carmen",
    "rank": 1,
    "score": 92,
  },
  {
    "country": "Indonesia",
    "name": "Canggu",
    "rank": 2,
    "score": 91,
  },
  {
    "country": "Panama",
    "name": "Panama City",
    "rank": 3,
    "score": 91,
  },
  {
    "country": "Mexico",
    "name": "Puerto Vallarta",
    "rank": 4,
    "score": 91,
  },
  {
    "country": "Costa Rica",
    "name": "Tamarindo",
    "rank": 5,
    "score": 90,
  },
  {
    "country": "Vietnam",
    "name": "Da Nang",
    "rank": 6,
    "score": 90,
  },
  {
    "country": "Indonesia",
    "name": "Bali",
    "rank": 7,
    "score": 90,
  },
  {
    "country": "Mexico",
    "name": "Sayulita",
    "rank": 8,
    "score": 90,
  },
  {
    "country": "Thailand",
    "name": "Phuket",
    "rank": 9,
    "score": 90,
  },
  {
    "country": "Thailand",
    "name": "Koh Phangan",
    "rank": 10,
    "score": 89,
  },
]
`;

exports[`scoreLocations is deterministic and well-formed > mountains / cold top-10 is locked 1`] = `
[
  {
    "country": "Nepal",
    "name": "Kathmandu",
    "rank": 1,
    "score": 92,
  },
  {
    "country": "Nepal",
    "name": "Pokhara",
    "rank": 2,
    "score": 92,
  },
  {
    "country": "Bulgaria",
    "name": "Bansko",
    "rank": 3,
    "score": 91,
  },
  {
    "country": "Argentina",
    "name": "Bariloche",
    "rank": 4,
    "score": 91,
  },
  {
    "country": "Slovenia",
    "name": "Lake Bled",
    "rank": 5,
    "score": 91,
  },
  {
    "country": "Kazakhstan",
    "name": "Almaty",
    "rank": 6,
    "score": 89,
  },
  {
    "country": "Bolivia",
    "name": "La Paz",
    "rank": 7,
    "score": 89,
  },
  {
    "country": "Peru",
    "name": "Cusco",
    "rank": 8,
    "score": 89,
  },
  {
    "country": "Guatemala",
    "name": "Lake Atitlan",
    "rank": 9,
    "score": 88,
  },
  {
    "country": "New Zealand",
    "name": "Queenstown",
    "rank": 10,
    "score": 85,
  },
]
`;

exports[`scoreLocations is deterministic and well-formed > safety-first rooted city top-10 is locked 1`] = `
[
  {
    "country": "Australia",
    "name": "Perth",
    "rank": 1,
    "score": 95,
  },
  {
    "country": "Australia",
    "name": "Brisbane",
    "rank": 2,
    "score": 95,
  },
  {
    "country": "Japan",
    "name": "Fukuoka",
    "rank": 3,
    "score": 94,
  },
  {
    "country": "New Zealand",
    "name": "Auckland",
    "rank": 4,
    "score": 94,
  },
  {
    "country": "Portugal",
    "name": "Algarve",
    "rank": 5,
    "score": 94,
  },
  {
    "country": "Australia",
    "name": "Sydney",
    "rank": 6,
    "score": 94,
  },
  {
    "country": "Australia",
    "name": "Adelaide",
    "rank": 7,
    "score": 94,
  },
  {
    "country": "Japan",
    "name": "Kyoto",
    "rank": 8,
    "score": 94,
  },
  {
    "country": "Japan",
    "name": "Tokyo",
    "rank": 9,
    "score": 93,
  },
  {
    "country": "Spain",
    "name": "Málaga",
    "rank": 10,
    "score": 93,
  },
]
`;
